Gabriel@DESKTOP-VMHSCTI MINGW64 ~/Desktop
$ mkdir repositoryexo2

Gabriel@DESKTOP-VMHSCTI MINGW64 ~/Desktop
$ cd repositoryexo2

Gabriel@DESKTOP-VMHSCTI MINGW64 ~/Desktop/repositoryexo2
$ git init
Initialized empty Git repository in C:/Users/Gabriel/Desktop/repositoryexo2/.git/

Gabriel@DESKTOP-VMHSCTI MINGW64 ~/Desktop/repositoryexo2 (master)
$ git remote add origin https://github.com/gabrielnicouleau/repositoryexo2.git

Gabriel@DESKTOP-VMHSCTI MINGW64 ~/Desktop/repositoryexo2 (master)
$ git pull origin master
remote: Enumerating objects: 3, done.
remote: Counting objects: 100% (3/3), done.
remote: Total 3 (delta 0), reused 0 (delta 0), pack-reused 0
Unpacking objects: 100% (3/3), 869 bytes | 24.00 KiB/s, done.
From https://github.com/gabrielnicouleau/repositoryexo2
 * branch            master     -> FETCH_HEAD
 * [new branch]      master     -> origin/master

Gabriel@DESKTOP-VMHSCTI MINGW64 ~/Desktop/repositoryexo2 (master)
$ touch exemple1.txt exemple2.txt

Gabriel@DESKTOP-VMHSCTI MINGW64 ~/Desktop/repositoryexo2 (master)
$ git add exemple1.txt exemple2.txt

Gabriel@DESKTOP-VMHSCTI MINGW64 ~/Desktop/repositoryexo2 (master)
$ git status
On branch master
Changes to be committed:
  (use "git restore --staged <file>..." to unstage)
        new file:   exemple1.txt
        new file:   exemple2.txt


Gabriel@DESKTOP-VMHSCTI MINGW64 ~/Desktop/repositoryexo2 (master)
$ git commit -m 'ajout des fichers exemple1.txt et exemple2.txt'
[master 43989e8] ajout des fichers exemple1.txt et exemple2.txt
 2 files changed, 0 insertions(+), 0 deletions(-)
 create mode 100644 exemple1.txt
 create mode 100644 exemple2.txt

Gabriel@DESKTOP-VMHSCTI MINGW64 ~/Desktop/repositoryexo2 (master)
$ git log
commit 43989e8bba67bec701d404dc6e2f4b974a805885 (HEAD -> master)
Author: gabrielnicouleau <nicouleau_gabriel@yahoo.fr>
Date:   Fri Jul 5 12:32:14 2024 +0200

    ajout des fichers exemple1.txt et exemple2.txt

commit 3b97bc9d931bbede4f49b994851055cf1b3e7315 (origin/master)
Author: gabrielnicouleau <nicouleau_gabriel@yahoo.fr>
Date:   Fri Jul 5 12:17:39 2024 +0200

    Initial commit

Gabriel@DESKTOP-VMHSCTI MINGW64 ~/Desktop/repositoryexo2 (master)
$ git push origin master
Enumerating objects: 4, done.
Counting objects: 100% (4/4), done.
Delta compression using up to 6 threads
Compressing objects: 100% (2/2), done.
Writing objects: 100% (3/3), 310 bytes | 310.00 KiB/s, done.
Total 3 (delta 0), reused 0 (delta 0), pack-reused 0 (from 0)
To https://github.com/gabrielnicouleau/repositoryexo2.git
   3b97bc9..43989e8  master -> master

Gabriel@DESKTOP-VMHSCTI MINGW64 ~/Desktop/repositoryexo2 (master)
$ git log
commit 43989e8bba67bec701d404dc6e2f4b974a805885 (HEAD -> master, origin/master)
Author: gabrielnicouleau <nicouleau_gabriel@yahoo.fr>
Date:   Fri Jul 5 12:32:14 2024 +0200

    ajout des fichers exemple1.txt et exemple2.txt

commit 3b97bc9d931bbede4f49b994851055cf1b3e7315
Author: gabrielnicouleau <nicouleau_gabriel@yahoo.fr>
Date:   Fri Jul 5 12:17:39 2024 +0200

    Initial commit

Gabriel@DESKTOP-VMHSCTI MINGW64 ~/Desktop/repositoryexo2 (master)
$ git branch gabriel

Gabriel@DESKTOP-VMHSCTI MINGW64 ~/Desktop/repositoryexo2 (master)
$ git checkout gabriel
Switched to branch 'gabriel'

Gabriel@DESKTOP-VMHSCTI MINGW64 ~/Desktop/repositoryexo2 (gabriel)
$ touch fichier1.txt fichier2.txt

Gabriel@DESKTOP-VMHSCTI MINGW64 ~/Desktop/repositoryexo2 (gabriel)
$  git add fichier1.txt fichier2.txt

Gabriel@DESKTOP-VMHSCTI MINGW64 ~/Desktop/repositoryexo2 (gabriel)
$ git commit -m 'ajout de fichier1.txt et fichier2.txt'
[gabriel d14dec3] ajout de fichier1.txt et fichier2.txt
 2 files changed, 0 insertions(+), 0 deletions(-)
 create mode 100644 fichier1.txt
 create mode 100644 fichier2.txt

Gabriel@DESKTOP-VMHSCTI MINGW64 ~/Desktop/repositoryexo2 (gabriel)
$ git checkout master
Switched to branch 'master'

Gabriel@DESKTOP-VMHSCTI MINGW64 ~/Desktop/repositoryexo2 (master)
$ git push origin gabriel
Enumerating objects: 3, done.
Counting objects: 100% (3/3), done.
Delta compression using up to 6 threads
Compressing objects: 100% (2/2), done.
Writing objects: 100% (2/2), 308 bytes | 308.00 KiB/s, done.
Total 2 (delta 0), reused 0 (delta 0), pack-reused 0 (from 0)
remote:
remote: Create a pull request for 'gabriel' on GitHub by visiting:
remote:      https://github.com/gabrielnicouleau/repositoryexo2/pull/new/gabriel
remote:
To https://github.com/gabrielnicouleau/repositoryexo2.git
 * [new branch]      gabriel -> gabriel


#création et modification du fichier main.txt sur github


Gabriel@DESKTOP-VMHSCTI MINGW64 ~/Desktop/repositoryexo2 (master)
$ git pull origin master
remote: Enumerating objects: 4, done.
remote: Counting objects: 100% (4/4), done.
remote: Compressing objects: 100% (2/2), done.
remote: Total 3 (delta 1), reused 0 (delta 0), pack-reused 0
Unpacking objects: 100% (3/3), 935 bytes | 24.00 KiB/s, done.
From https://github.com/gabrielnicouleau/repositoryexo2
 * branch            master     -> FETCH_HEAD
   43989e8..3a8c7a7  master     -> origin/master
Updating 43989e8..3a8c7a7
Fast-forward
 main.txt | 1 +
 1 file changed, 1 insertion(+)
 create mode 100644 main.txt

Gabriel@DESKTOP-VMHSCTI MINGW64 ~/Desktop/repositoryexo2 (master)
$ git log
commit 3a8c7a751d94f3308da3b1c89d33dbd8e2aadc5e (HEAD -> master, origin/master)
Author: gabrielnicouleau <nicouleau_gabriel@yahoo.fr>
Date:   Fri Jul 5 14:47:31 2024 +0200

    Creation main.txt

commit 43989e8bba67bec701d404dc6e2f4b974a805885
Author: gabrielnicouleau <nicouleau_gabriel@yahoo.fr>
Date:   Fri Jul 5 12:32:14 2024 +0200

    ajout des fichers exemple1.txt et exemple2.txt

commit 3b97bc9d931bbede4f49b994851055cf1b3e7315
Author: gabrielnicouleau <nicouleau_gabriel@yahoo.fr>
Date:   Fri Jul 5 12:17:39 2024 +0200

    Initial commit
