Gabriel@DESKTOP-VMHSCTI MINGW64 ~/Desktop
$ mkdir repositoryexo1

Gabriel@DESKTOP-VMHSCTI MINGW64 ~/Desktop
$ cd repositoryexo1/

Gabriel@DESKTOP-VMHSCTI MINGW64 ~/Desktop/repositoryexo1
$ git init
Initialized empty Git repository in C:/Users/Gabriel/Desktop/repositoryexo1/.git/

Gabriel@DESKTOP-VMHSCTI MINGW64 ~/Desktop/repositoryexo1 (master)
$ git remote add origin https://github.com/gabrielnicouleau/repositoryexo1.git

Gabriel@DESKTOP-VMHSCTI MINGW64 ~/Desktop/repositoryexo1 (master)
$ git pull origin master
remote: Enumerating objects: 3, done.
remote: Counting objects: 100% (3/3), done.
remote: Total 3 (delta 0), reused 0 (delta 0), pack-reused 0
Unpacking objects: 100% (3/3), 866 bytes | 86.00 KiB/s, done.
From https://github.com/gabrielnicouleau/repositoryexo1
 * branch            master     -> FETCH_HEAD
 * [new branch]      master     -> origin/master

Gabriel@DESKTOP-VMHSCTI MINGW64 ~/Desktop/repositoryexo1 (master)
$ touch text.html

Gabriel@DESKTOP-VMHSCTI MINGW64 ~/Desktop/repositoryexo1 (master)
$ git add text.html

Gabriel@DESKTOP-VMHSCTI MINGW64 ~/Desktop/repositoryexo1 (master)
$ git commit -m 'ajout fichier text.html'
[master ca17945] ajout fichier text.html
 1 file changed, 0 insertions(+), 0 deletions(-)
 create mode 100644 text.html

Gabriel@DESKTOP-VMHSCTI MINGW64 ~/Desktop/repositoryexo1 (master)
$ git log
commit ca17945942a98bc8c18586a0ecfaa06872a946f5 (HEAD -> master)
Author: gabrielnicouleau <nicouleau_gabriel@yahoo.fr>
Date:   Fri Jul 5 11:39:41 2024 +0200

    ajout fichier text.html

commit 90b1df2da2941a82c5c017c2eb047c1aa328222c (origin/master)
Author: gabrielnicouleau <nicouleau_gabriel@yahoo.fr>
Date:   Fri Jul 5 11:33:20 2024 +0200

    Initial commit

Gabriel@DESKTOP-VMHSCTI MINGW64 ~/Desktop/repositoryexo1 (master)
$ git push origin master
Enumerating objects: 4, done.
Counting objects: 100% (4/4), done.
Delta compression using up to 6 threads
Compressing objects: 100% (2/2), done.
Writing objects: 100% (3/3), 289 bytes | 289.00 KiB/s, done.
Total 3 (delta 0), reused 0 (delta 0), pack-reused 0 (from 0)
To https://github.com/gabrielnicouleau/repositoryexo1.git
   90b1df2..ca17945  master -> master

Gabriel@DESKTOP-VMHSCTI MINGW64 ~/Desktop/repositoryexo1 (master)
$ git log
commit ca17945942a98bc8c18586a0ecfaa06872a946f5 (HEAD -> master, origin/master)
Author: gabrielnicouleau <nicouleau_gabriel@yahoo.fr>
Date:   Fri Jul 5 11:39:41 2024 +0200

    ajout fichier text.html

commit 90b1df2da2941a82c5c017c2eb047c1aa328222c
Author: gabrielnicouleau <nicouleau_gabriel@yahoo.fr>
Date:   Fri Jul 5 11:33:20 2024 +0200

    Initial commit

